******************************************************************************
                  TI ARM Linker PC v20.2.7                     
******************************************************************************
>> Linked Tue Nov 28 14:02:13 2023

OUTPUT FILE NAME:   <Final.out>
ENTRY POINT SYMBOL: "_c_int00_noargs"  address: 0000778d


MEMORY CONFIGURATION

         name            origin    length      used     unused   attr    fill
----------------------  --------  ---------  --------  --------  ----  --------
  FLASH                 00000000   00040000  00007d6b  00038295  R  X
  SRAM                  20000000   00008000  00000f4a  000070b6  RW X


SEGMENT ALLOCATION MAP

run origin  load origin   length   init length attrs members
----------  ----------- ---------- ----------- ----- -------
00000000    00000000    00007d70   00007d70    r-x
  00000000    00000000    0000026c   0000026c    r-- .intvecs
  0000026c    0000026c    00007764   00007764    r-x .text
  000079d0    000079d0    0000034b   0000034b    r-- .const
  00007d20    00007d20    00000050   00000050    r-- .cinit
20000000    20000000    00000f51   00000000    rw-
  20000000    20000000    0000026c   00000000    rw- .vtable
  20000270    20000270    00000800   00000000    rw- .stack
  20000a70    20000a70    00000400   00000000    rw- .sysmem
  20000e70    20000e70    00000089   00000000    rw- .bss
  20000efc    20000efc    00000055   00000000    rw- .data


SECTION ALLOCATION MAP

 output                                  attributes/
section   page    origin      length       input sections
--------  ----  ----------  ----------   ----------------
.intvecs   0    00000000    0000026c     
                  00000000    0000026c     tm4c123gh6pm_startup_ccs.obj (.intvecs)

.text      0    0000026c    00007764     
                  0000026c    00001100     final_Main.obj (.text)
                  0000136c    00000c20     open_interface.obj (.text)
                  00001f8c    00000a4e     rtsv7M4_T_le_v4SPD16_eabi.lib : _printfi.c.obj (.text:__TI_printfi)
                  000029da    00000002                                   : _lock.c.obj (.text:_nop)
                  000029dc    000009d0                                   : e_pow.c.obj (.text:pow)
                  000033ac    00000738                                   : k_rem_pio2.c.obj (.text:__kernel_rem_pio2)
                  00003ae4    000005b4     movement.obj (.text)
                  00004098    00000508     rtsv7M4_T_le_v4SPD16_eabi.lib : s_tan.c.obj (.text:tan)
                  000045a0    00000428     custom.obj (.text)
                  000049c8    00000328     lcd.obj (.text)
                  00004cf0    0000031c     rtsv7M4_T_le_v4SPD16_eabi.lib : k_tan.c.obj (.text:__kernel_tan)
                  0000500c    00000270                                   : _printfi.c.obj (.text:_pconv_a)
                  0000527c    00000260     libcybotScan.lib : cyBot_Scan.obj (.text)
                  000054dc    00000248     Timer.obj (.text)
                  00005724    00000230     ping.obj (.text)
                  00005954    000001f0     uart_extra_help.obj (.text)
                  00005b44    000001ec     libcybotScan.lib : ping.obj (.text)
                  00005d30    000001d0     rtsv7M4_T_le_v4SPD16_eabi.lib : _printfi.c.obj (.text:_pconv_g)
                  00005f00    000001b6                                   : fd_add_t2.asm.obj (.text)
                  000060b6    00000002                                   : div0.asm.obj (.text)
                  000060b8    00000158     libcybotScan.lib : servo.obj (.text)
                  00006210    00000158     rtsv7M4_T_le_v4SPD16_eabi.lib : e_sqrt.c.obj (.text:sqrt)
                  00006368    0000013c                                   : _printfi.c.obj (.text:_pconv_e)
                  000064a4    00000136                                   : fd_div_t2.asm.obj (.text)
                  000065da    00000002     --HOLE-- [fill = 0]
                  000065dc    00000124                                   : _printfi.c.obj (.text:fcvt)
                  00006700    00000118     libcybotScan.lib : ir.obj (.text)
                  00006818    00000110     rtsv7M4_T_le_v4SPD16_eabi.lib : s_scalbn.c.obj (.text:scalbn)
                  00006928    00000108     servo.obj (.text)
                  00006a30    00000100     rtsv7M4_T_le_v4SPD16_eabi.lib : memory.c.obj (.text:aligned_alloc)
                  00006b30    000000fc                                   : fd_mul_t2.asm.obj (.text)
                  00006c2c    000000f8                                   : s_floor.c.obj (.text:floor)
                  00006d24    000000e4                                   : memory.c.obj (.text:free)
                  00006e08    000000c8     adc.obj (.text)
                  00006ed0    000000b1     rtsv7M4_T_le_v4SPD16_eabi.lib : _printfi.c.obj (.text:_ltostr)
                  00006f81    00000001     --HOLE-- [fill = 0]
                  00006f82    0000009c                                   : memcpy_t2.asm.obj (.text)
                  0000701e    00000096                                   : ull_div_t2.asm.obj (.text)
                  000070b4    00000086                                   : fd_cmp_t2.asm.obj (.text:__aeabi_cdcmple)
                  0000713a    00000086                                   : fd_cmp_t2.asm.obj (.text:__aeabi_cdrcmple)
                  000071c0    0000007a                                   : memset_t2.asm.obj (.text)
                  0000723a    00000002     --HOLE-- [fill = 0]
                  0000723c    00000070                                   : memory.c.obj (.text:split)
                  000072ac    0000006e                                   : _printfi.c.obj (.text:_mcpy)
                  0000731a    0000006e                                   : fd_tos_t2.asm.obj (.text)
                  00007388    00000068                                   : copy_decompress_lzss.c.obj (.text:decompress:lzss:__TI_decompress_lzss)
                  000073f0    00000064                                   : s_frexp.c.obj (.text:frexp)
                  00007454    00000056                                   : _printfi.c.obj (.text:_pconv_f)
                  000074aa    00000054                                   : _ltoa.c.obj (.text:__TI_ltoa)
                  000074fe    00000052                                   : _printfi.c.obj (.text:_ecpy)
                  00007550    0000004c                                   : atoi.c.obj (.text:atoi)
                  0000759c    00000048                                   : fd_toi_t2.asm.obj (.text)
                  000075e4    00000044                                   : autoinit.c.obj (.text:__TI_auto_init_nobinit_nopinit:__TI_auto_init_nobinit_nopinit)
                  00007628    00000040                                   : sprintf.c.obj (.text:sprintf)
                  00007668    00000040                                   : vsnprintf.c.obj (.text:vsnprintf)
                  000076a8    0000003e                                   : _printfi.c.obj (.text:_fcpy)
                  000076e6    00000002     --HOLE-- [fill = 0]
                  000076e8    00000038                                   : memory.c.obj (.text:calloc)
                  00007720    00000038                                   : fs_tod_t2.asm.obj (.text)
                  00007758    00000034     driverlib.lib : interrupt.obj (.text:IntRegister)
                  0000778c    00000034     rtsv7M4_T_le_v4SPD16_eabi.lib : boot_cortex_m.c.obj (.text:_c_int00_noargs:_c_int00_noargs)
                  000077c0    00000030                                   : vsnprintf.c.obj (.text:_outs)
                  000077f0    0000002e                                   : i_tofd_t2.asm.obj (.text)
                  0000781e    00000002     --HOLE-- [fill = 0]
                  00007820    00000028                                   : memory.c.obj (.text:free_list_insert)
                  00007848    0000001c                                   : copy_zero_init.c.obj (.text:decompress:ZI:__TI_zero_init_nomemset:__TI_zero_init_nomemset)
                  00007864    0000001c                                   : memory.c.obj (.text:free_list_remove)
                  00007880    0000001c                                   : memccpy.c.obj (.text:memccpy)
                  0000789c    0000001a                                   : s_copysign.c.obj (.text:copysign)
                  000078b6    00000018                                   : vsnprintf.c.obj (.text:_outc)
                  000078ce    00000018                                   : sprintf.c.obj (.text:_outs)
                  000078e6    00000018     open_interface.obj (.text:oi_parseInt)
                  000078fe    00000018     rtsv7M4_T_le_v4SPD16_eabi.lib : strcmp.c.obj (.text:strcmp)
                  00007916    00000016                                   : strchr.c.obj (.text:strchr)
                  0000792c    00000014                                   : strcpy.c.obj (.text:strcpy)
                  00007940    00000014                                   : strlen.c.obj (.text:strlen)
                  00007954    00000012                                   : wcslen.c.obj (.text:wcslen)
                  00007966    00000010     driverlib.lib : interrupt.obj (.text:IntMasterEnable)
                  00007976    00000010     lcd.obj (.text:lcd_clear)
                  00007986    0000000e     rtsv7M4_T_le_v4SPD16_eabi.lib : copy_decompress_none.c.obj (.text:decompress:none:__TI_decompress_none)
                  00007994    0000000c     driverlib.lib : cpu.obj (.text:CPUcpsie)
                  000079a0    0000000c     tm4c123gh6pm_startup_ccs.obj (.text)
                  000079ac    0000000a     rtsv7M4_T_le_v4SPD16_eabi.lib : sprintf.c.obj (.text:_outc)
                  000079b6    00000002     --HOLE-- [fill = 0]
                  000079b8    00000008                                   : errno.c.obj (.text:__aeabi_errno_addr)
                  000079c0    00000008                                   : memory.c.obj (.text:malloc)
                  000079c8    00000004                                   : pre_init.c.obj (.text:_system_pre_init)
                  000079cc    00000004                                   : exit.c.obj (.text:abort:abort)

.const     0    000079d0    0000034b     
                  000079d0    00000158     rtsv7M4_T_le_v4SPD16_eabi.lib : k_rem_pio2.c.obj (.const:$O1$$)
                  00007b28    00000101                                   : ctype.c.obj (.const:.string:_ctypes_)
                  00007c29    00000004     lcd.obj (.const:.string:lineAddress$1)
                  00007c2d    00000003     --HOLE-- [fill = 0]
                  00007c30    00000080     rtsv7M4_T_le_v4SPD16_eabi.lib : k_tan.c.obj (.const:xxx)
                  00007cb0    00000030                                   : e_pow.c.obj (.const:$O1$$)
                  00007ce0    0000000f     open_interface.obj (.const:.string:$P$T0$3)
                  00007cef    0000000b     final_Main.obj (.const:.string:$P$T2$3)
                  00007cfa    0000000b     final_Main.obj (.const:.string:$P$T3$4)
                  00007d05    00000009     final_Main.obj (.const:.string:$P$T0$1)
                  00007d0e    00000009     final_Main.obj (.const:.string:$P$T1$2)
                  00007d17    00000004     lcd.obj (.const:.string:lineAddresses$2)

.cinit     0    00007d20    00000050     
                  00007d20    0000001a     (.cinit..data.load) [load image, compression = lzss]
                  00007d3a    00000002     --HOLE-- [fill = 0]
                  00007d3c    0000000c     (__TI_handler_table)
                  00007d48    00000008     (.cinit..bss.load) [load image, compression = zero_init]
                  00007d50    00000008     (.cinit..vtable.load) [load image, compression = zero_init]
                  00007d58    00000018     (__TI_cinit_table)

.init_array 
*          0    00000000    00000000     UNINITIALIZED

.vtable    0    20000000    0000026c     UNINITIALIZED
                  20000000    0000026c     driverlib.lib : interrupt.obj (.vtable)

.stack     0    20000270    00000800     UNINITIALIZED
                  20000270    00000004     rtsv7M4_T_le_v4SPD16_eabi.lib : boot_cortex_m.c.obj (.stack)
                  20000274    000007fc     --HOLE--

.sysmem    0    20000a70    00000400     UNINITIALIZED
                  20000a70    00000010     rtsv7M4_T_le_v4SPD16_eabi.lib : memory.c.obj (.sysmem)
                  20000a80    000003f0     --HOLE--

.bss       0    20000e70    00000089     UNINITIALIZED
                  20000e70    00000054     lcd.obj (.bss:lastbuffer$3)
                  20000ec4    00000018     open_interface.obj (.bss:firmware$2)
                  20000edc    00000004     (.common:_timeout_ticks)
                  20000ee0    00000004     (.common:fallingEdge)
                  20000ee4    00000004     (.common:isr_int_value)
                  20000ee8    00000004     (.common:left_calibration_value)
                  20000eec    00000004     (.common:pulseLength)
                  20000ef0    00000004     (.common:right_calibration_value)
                  20000ef4    00000004     (.common:risingEdge)
                  20000ef8    00000001     (.common:isRisingEdge)

.data      0    20000efc    00000055     UNINITIALIZED
                  20000efc    00000020     open_interface.obj (.data)
                  20000f1c    0000000c     ping.obj (.data)
                  20000f28    0000000c     uart_extra_help.obj (.data)
                  20000f34    00000008     rtsv7M4_T_le_v4SPD16_eabi.lib : _lock.c.obj (.data:$O1$$)
                  20000f3c    00000008                                   : memory.c.obj (.data:$O1$$)
                  20000f44    00000004     final_Main.obj (.data)
                  20000f48    00000004     libcybotScan.lib : cyBot_Scan.obj (.data)
                  20000f4c    00000004     rtsv7M4_T_le_v4SPD16_eabi.lib : errno.c.obj (.data)
                  20000f50    00000001     Timer.obj (.data)

__llvm_prf_cnts 
*          0    20000000    00000000     UNINITIALIZED

MODULE SUMMARY

       Module                         code    ro data   rw data
       ------                         ----    -------   -------
    .\
       final_Main.obj                 4352    40        4      
       open_interface.obj             3128    15        56     
       movement.obj                   1460    0         0      
       custom.obj                     1064    0         0      
       lcd.obj                        824     8         84     
       tm4c123gh6pm_startup_ccs.obj   12      620       0      
       Timer.obj                      584     0         5      
       ping.obj                       560     0         12     
       uart_extra_help.obj            496     0         12     
       servo.obj                      264     0         0      
       adc.obj                        200     0         0      
    +--+------------------------------+-------+---------+---------+
       Total:                         12944   683       173    
                                                               
    ../libcybotScan.lib
       cyBot_Scan.obj                 608     0         12     
       ping.obj                       492     0         13     
       servo.obj                      344     0         0      
       ir.obj                         280     0         4      
    +--+------------------------------+-------+---------+---------+
       Total:                         1724    0         29     
                                                               
    C:/ti/TivaWare_C_Series-2.2.0.295/driverlib/ccs/Debug/driverlib.lib
       interrupt.obj                  68      0         620    
       cpu.obj                        12      0         0      
    +--+------------------------------+-------+---------+---------+
       Total:                         80      0         620    
                                                               
    C:\ti\ccs1230\ccs\tools\compiler\ti-cgt-arm_20.2.7.LTS\lib\rtsv7M4_T_le_v4SPD16_eabi.lib
       _printfi.c.obj                 4851    0         0      
       e_pow.c.obj                    2512    48        0      
       k_rem_pio2.c.obj               1848    344       0      
       s_tan.c.obj                    1288    0         0      
       k_tan.c.obj                    796     128       0      
       memory.c.obj                   728     0         8      
       fd_add_t2.asm.obj              438     0         0      
       e_sqrt.c.obj                   344     0         0      
       fd_div_t2.asm.obj              310     0         0      
       s_scalbn.c.obj                 272     0         0      
       fd_cmp_t2.asm.obj              268     0         0      
       ctype.c.obj                    0       257       0      
       fd_mul_t2.asm.obj              252     0         0      
       s_floor.c.obj                  248     0         0      
       memcpy_t2.asm.obj              156     0         0      
       ull_div_t2.asm.obj             150     0         0      
       vsnprintf.c.obj                136     0         0      
       memset_t2.asm.obj              122     0         0      
       fd_tos_t2.asm.obj              110     0         0      
       copy_decompress_lzss.c.obj     104     0         0      
       s_frexp.c.obj                  100     0         0      
       sprintf.c.obj                  98      0         0      
       _ltoa.c.obj                    84      0         0      
       atoi.c.obj                     76      0         0      
       fd_toi_t2.asm.obj              72      0         0      
       autoinit.c.obj                 68      0         0      
       fs_tod_t2.asm.obj              56      0         0      
       boot_cortex_m.c.obj            52      0         0      
       i_tofd_t2.asm.obj              46      0         0      
       copy_zero_init.c.obj           28      0         0      
       memccpy.c.obj                  28      0         0      
       s_copysign.c.obj               26      0         0      
       strcmp.c.obj                   24      0         0      
       strchr.c.obj                   22      0         0      
       strcpy.c.obj                   20      0         0      
       strlen.c.obj                   20      0         0      
       wcslen.c.obj                   18      0         0      
       copy_decompress_none.c.obj     14      0         0      
       errno.c.obj                    8       0         4      
       _lock.c.obj                    2       0         8      
       exit.c.obj                     4       0         0      
       pre_init.c.obj                 4       0         0      
       div0.asm.obj                   2       0         0      
    +--+------------------------------+-------+---------+---------+
       Total:                         15805   777       20     
                                                               
       Heap:                          0       0         1024   
       Stack:                         0       0         2048   
       Linker Generated:              0       78        0      
    +--+------------------------------+-------+---------+---------+
       Grand Total:                   30553   1538      3914   


LINKER GENERATED COPY TABLES

__TI_cinit_table @ 00007d58 records: 3, size/record: 8, table size: 24
	.data: load addr=00007d20, load size=0000001a bytes, run addr=20000efc, run size=00000055 bytes, compression=lzss
	.bss: load addr=00007d48, load size=00000008 bytes, run addr=20000e70, run size=00000089 bytes, compression=zero_init
	.vtable: load addr=00007d50, load size=00000008 bytes, run addr=20000000, run size=0000026c bytes, compression=zero_init


LINKER GENERATED HANDLER TABLE

__TI_handler_table @ 00007d3c records: 3, size/record: 4, table size: 12
	index: 0, handler: __TI_zero_init
	index: 1, handler: __TI_decompress_lzss
	index: 2, handler: __TI_decompress_none


GLOBAL SYMBOLS: SORTED ALPHABETICALLY BY Name 

address   name                          
-------   ----                          
00006799  ADC0SS0_Handler               
000079cd  C$$EXIT                       
00007995  CPUcpsie                      
00001cc3  GPIOF_Handler                 
00007967  IntMasterEnable               
00007759  IntRegister                   
000079a1  ResetISR                      
00005c35  TIMER3B_Handler               
20000a70  __STACK_END                   
00000800  __STACK_SIZE                  
20000470  __STACK_TOP                   
00000400  __SYSMEM_SIZE                 
00007d58  __TI_CINIT_Base               
00007d70  __TI_CINIT_Limit              
00007d3c  __TI_Handler_Table_Base       
00007d48  __TI_Handler_Table_Limit      
000075e5  __TI_auto_init_nobinit_nopinit
00007389  __TI_decompress_lzss          
00007987  __TI_decompress_none          
000074ab  __TI_ltoa                     
ffffffff  __TI_pprof_out_hndl           
00001f8d  __TI_printfi                  
ffffffff  __TI_prof_data_size           
ffffffff  __TI_prof_data_start          
00000000  __TI_static_base__            
00007849  __TI_zero_init_nomemset       
000070b5  __aeabi_cdcmpeq               
000070b5  __aeabi_cdcmple               
0000713b  __aeabi_cdrcmple              
0000731b  __aeabi_d2f                   
0000759d  __aeabi_d2iz                  
00005f0b  __aeabi_dadd                  
000064a5  __aeabi_ddiv                  
00006b31  __aeabi_dmul                  
00005f01  __aeabi_dsub                  
000079b9  __aeabi_errno_addr            
00007721  __aeabi_f2d                   
000077f1  __aeabi_i2d                   
000060b7  __aeabi_idiv0                 
000060b7  __aeabi_ldiv0                 
000071c1  __aeabi_memclr                
000071c1  __aeabi_memclr4               
000071c1  __aeabi_memclr8               
00006f83  __aeabi_memcpy                
00006f83  __aeabi_memcpy4               
00006f83  __aeabi_memcpy8               
000071c3  __aeabi_memset                
000071c3  __aeabi_memset4               
000071c3  __aeabi_memset8               
0000701f  __aeabi_uldivmod              
ffffffff  __binit__                     
ffffffff  __c_args__                    
000033ad  __kernel_rem_pio2             
00004cf1  __kernel_tan                  
UNDEFED   __mpu_init                    
20000270  __stack                       
20000000  __start___llvm_prf_cnts       
20000000  __stop___llvm_prf_cnts        
0000778d  _c_int00_noargs               
00007b28  _ctypes_                      
20000f34  _lock                         
000029db  _nop                          
20000f50  _running                      
20000a70  _sys_memory                   
UNDEFED   _system_post_cinit            
000079c9  _system_pre_init              
20000edc  _timeout_ticks                
20000f38  _unlock                       
000079cd  abort                         
00006e09  adc_init                      
00006e77  adc_read                      
00006a31  aligned_alloc                 
00007551  atoi                          
ffffffff  binit                         
00004675  boundCheck                    
00003bc5  boundary_turn                 
00003fbf  cal                           
000076e9  calloc                        
20000f28  char_counter                  
20000f20  clockTime                     
20000f44  collides                      
000045d5  convertIR                     
0000789d  copysign                      
0000789d  copysignl                     
00005355  cyBOT_SERVO_cal               
000052e3  cyBOT_Scan                    
0000528b  cyBOT_init_Scan               
20000f48  cyBOT_scan_features           
0000527d  cyBOT_scan_version            
20000f4c  errno                         
20000ee0  fallingEdge                   
00006c2d  floor                         
00006c2d  floorl                        
00006d25  free                          
000073f1  frexp                         
000073f1  frexpl                        
20000000  g_pfnRAMVectors               
00000000  g_pfnVectors                  
20000f2c  globalVar                     
00001a7f  go_charge                     
000067af  ir_enableInterrupt            
00006791  ir_getDistance                
00006769  ir_getValue                   
00006701  ir_init                       
20000ef8  isRisingEdge                  
20000ee4  isr_int_value                 
00007977  lcd_clear                     
00004b9d  lcd_gotoLine                  
00004a05  lcd_init                      
00004c03  lcd_printf                    
00004ac5  lcd_putc                      
00004afd  lcd_puts                      
000049c9  lcd_reverseNibble             
00004b1b  lcd_sendCommand               
00004b59  lcd_sendNibble                
00004bc5  lcd_setCursorPos              
00006819  ldexp                         
00006819  ldexpl                        
20000ee8  left_calibration_value        
0000026d  main                          
000079c1  malloc                        
00006a31  memalign                      
00007881  memccpy                       
00006f83  memcpy                        
000071c9  memset                        
20000efc  motor_cal_factor_L            
20000f00  motor_cal_factor_R            
00003cb1  move_forward                  
00003db1  move_forward_bump             
00003ae5  move_reverse                  
0000136d  oi_alloc                      
00001ba9  oi_checkFirmware              
000013c7  oi_close                      
00001379  oi_free                       
00001eed  oi_getMotorCalibrationLeft    
00001f01  oi_getMotorCalibrationRight   
000013b1  oi_init                       
00001389  oi_init_noupdate              
00001a15  oi_loadSong                   
000078e7  oi_parseInt                   
0000142b  oi_parsePacket                
00001a6b  oi_play_song                  
0000194b  oi_setLeds                    
00001eb1  oi_setMotorCalibration        
0000198f  oi_setWheels                  
00001c51  oi_shutoff_init               
00001a8d  oi_uartInit                   
00001b31  oi_uartReceive                
00001b77  oi_uartSendBuff               
00001b15  oi_uartSendChar               
00001b59  oi_uartSendStr                
000013d9  oi_update                     
000058af  ping_distance                 
00005c87  ping_getDistance              
00005b45  ping_init                     
00005725  ping_init2                    
00005869  ping_interrupt_handler        
00005845  ping_interrupt_init           
000057b5  ping_read                     
00005bcb  ping_trigger                  
000029dd  pow                           
000029dd  powl                          
00003c1f  precise_forward               
20000eec  pulseLength                   
000045a1  puttyPrint                    
000047e1  quickScan                     
20000ef0  right_calibration_value       
20000ef4  risingEdge                    
00006819  scalbn                        
00006819  scalbnl                       
00004631  scanIR                        
000057d7  send_pulse                    
000060b9  servo_init                    
00006929  servo_init2                   
00006149  servo_move                    
000069ab  servo_move2                   
000061a9  servo_setPWM                  
0000613d  servo_stop                    
00007629  sprintf                       
00006211  sqrt                          
00006211  sqrtl                         
20000f1c  statusFlag                    
00007917  strchr                        
000078ff  strcmp                        
0000792d  strcpy                        
00007941  strlen                        
00004099  tan                           
00004099  tanl                          
00003fd7  textDrive                     
20000f24  timeSpan                      
000055fb  timer_getMicros               
000055a3  timer_getMillis               
000054dd  timer_init                    
0000557f  timer_pause                   
00005591  timer_resume                  
00005555  timer_stop                    
00005655  timer_waitMicros              
00005687  timer_waitMillis              
20000f30  toggleFlag                    
00003b51  turn_any                      
00005955  uart_init                     
00005a59  uart_interrupt_handler        
00005a39  uart_interrupt_init           
00005a09  uart_receive                  
000059ed  uart_sendChar                 
00005a2f  uart_sendStr                  
00007669  vsnprintf                     
00007955  wcslen                        


GLOBAL SYMBOLS: SORTED BY Symbol Address 

address   name                          
-------   ----                          
00000000  __TI_static_base__            
00000000  g_pfnVectors                  
0000026d  main                          
00000400  __SYSMEM_SIZE                 
00000800  __STACK_SIZE                  
0000136d  oi_alloc                      
00001379  oi_free                       
00001389  oi_init_noupdate              
000013b1  oi_init                       
000013c7  oi_close                      
000013d9  oi_update                     
0000142b  oi_parsePacket                
0000194b  oi_setLeds                    
0000198f  oi_setWheels                  
00001a15  oi_loadSong                   
00001a6b  oi_play_song                  
00001a7f  go_charge                     
00001a8d  oi_uartInit                   
00001b15  oi_uartSendChar               
00001b31  oi_uartReceive                
00001b59  oi_uartSendStr                
00001b77  oi_uartSendBuff               
00001ba9  oi_checkFirmware              
00001c51  oi_shutoff_init               
00001cc3  GPIOF_Handler                 
00001eb1  oi_setMotorCalibration        
00001eed  oi_getMotorCalibrationLeft    
00001f01  oi_getMotorCalibrationRight   
00001f8d  __TI_printfi                  
000029db  _nop                          
000029dd  pow                           
000029dd  powl                          
000033ad  __kernel_rem_pio2             
00003ae5  move_reverse                  
00003b51  turn_any                      
00003bc5  boundary_turn                 
00003c1f  precise_forward               
00003cb1  move_forward                  
00003db1  move_forward_bump             
00003fbf  cal                           
00003fd7  textDrive                     
00004099  tan                           
00004099  tanl                          
000045a1  puttyPrint                    
000045d5  convertIR                     
00004631  scanIR                        
00004675  boundCheck                    
000047e1  quickScan                     
000049c9  lcd_reverseNibble             
00004a05  lcd_init                      
00004ac5  lcd_putc                      
00004afd  lcd_puts                      
00004b1b  lcd_sendCommand               
00004b59  lcd_sendNibble                
00004b9d  lcd_gotoLine                  
00004bc5  lcd_setCursorPos              
00004c03  lcd_printf                    
00004cf1  __kernel_tan                  
0000527d  cyBOT_scan_version            
0000528b  cyBOT_init_Scan               
000052e3  cyBOT_Scan                    
00005355  cyBOT_SERVO_cal               
000054dd  timer_init                    
00005555  timer_stop                    
0000557f  timer_pause                   
00005591  timer_resume                  
000055a3  timer_getMillis               
000055fb  timer_getMicros               
00005655  timer_waitMicros              
00005687  timer_waitMillis              
00005725  ping_init2                    
000057b5  ping_read                     
000057d7  send_pulse                    
00005845  ping_interrupt_init           
00005869  ping_interrupt_handler        
000058af  ping_distance                 
00005955  uart_init                     
000059ed  uart_sendChar                 
00005a09  uart_receive                  
00005a2f  uart_sendStr                  
00005a39  uart_interrupt_init           
00005a59  uart_interrupt_handler        
00005b45  ping_init                     
00005bcb  ping_trigger                  
00005c35  TIMER3B_Handler               
00005c87  ping_getDistance              
00005f01  __aeabi_dsub                  
00005f0b  __aeabi_dadd                  
000060b7  __aeabi_idiv0                 
000060b7  __aeabi_ldiv0                 
000060b9  servo_init                    
0000613d  servo_stop                    
00006149  servo_move                    
000061a9  servo_setPWM                  
00006211  sqrt                          
00006211  sqrtl                         
000064a5  __aeabi_ddiv                  
00006701  ir_init                       
00006769  ir_getValue                   
00006791  ir_getDistance                
00006799  ADC0SS0_Handler               
000067af  ir_enableInterrupt            
00006819  ldexp                         
00006819  ldexpl                        
00006819  scalbn                        
00006819  scalbnl                       
00006929  servo_init2                   
000069ab  servo_move2                   
00006a31  aligned_alloc                 
00006a31  memalign                      
00006b31  __aeabi_dmul                  
00006c2d  floor                         
00006c2d  floorl                        
00006d25  free                          
00006e09  adc_init                      
00006e77  adc_read                      
00006f83  __aeabi_memcpy                
00006f83  __aeabi_memcpy4               
00006f83  __aeabi_memcpy8               
00006f83  memcpy                        
0000701f  __aeabi_uldivmod              
000070b5  __aeabi_cdcmpeq               
000070b5  __aeabi_cdcmple               
0000713b  __aeabi_cdrcmple              
000071c1  __aeabi_memclr                
000071c1  __aeabi_memclr4               
000071c1  __aeabi_memclr8               
000071c3  __aeabi_memset                
000071c3  __aeabi_memset4               
000071c3  __aeabi_memset8               
000071c9  memset                        
0000731b  __aeabi_d2f                   
00007389  __TI_decompress_lzss          
000073f1  frexp                         
000073f1  frexpl                        
000074ab  __TI_ltoa                     
00007551  atoi                          
0000759d  __aeabi_d2iz                  
000075e5  __TI_auto_init_nobinit_nopinit
00007629  sprintf                       
00007669  vsnprintf                     
000076e9  calloc                        
00007721  __aeabi_f2d                   
00007759  IntRegister                   
0000778d  _c_int00_noargs               
000077f1  __aeabi_i2d                   
00007849  __TI_zero_init_nomemset       
00007881  memccpy                       
0000789d  copysign                      
0000789d  copysignl                     
000078e7  oi_parseInt                   
000078ff  strcmp                        
00007917  strchr                        
0000792d  strcpy                        
00007941  strlen                        
00007955  wcslen                        
00007967  IntMasterEnable               
00007977  lcd_clear                     
00007987  __TI_decompress_none          
00007995  CPUcpsie                      
000079a1  ResetISR                      
000079b9  __aeabi_errno_addr            
000079c1  malloc                        
000079c9  _system_pre_init              
000079cd  C$$EXIT                       
000079cd  abort                         
00007b28  _ctypes_                      
00007d3c  __TI_Handler_Table_Base       
00007d48  __TI_Handler_Table_Limit      
00007d58  __TI_CINIT_Base               
00007d70  __TI_CINIT_Limit              
20000000  __start___llvm_prf_cnts       
20000000  __stop___llvm_prf_cnts        
20000000  g_pfnRAMVectors               
20000270  __stack                       
20000470  __STACK_TOP                   
20000a70  __STACK_END                   
20000a70  _sys_memory                   
20000edc  _timeout_ticks                
20000ee0  fallingEdge                   
20000ee4  isr_int_value                 
20000ee8  left_calibration_value        
20000eec  pulseLength                   
20000ef0  right_calibration_value       
20000ef4  risingEdge                    
20000ef8  isRisingEdge                  
20000efc  motor_cal_factor_L            
20000f00  motor_cal_factor_R            
20000f1c  statusFlag                    
20000f20  clockTime                     
20000f24  timeSpan                      
20000f28  char_counter                  
20000f2c  globalVar                     
20000f30  toggleFlag                    
20000f34  _lock                         
20000f38  _unlock                       
20000f44  collides                      
20000f48  cyBOT_scan_features           
20000f4c  errno                         
20000f50  _running                      
ffffffff  __TI_pprof_out_hndl           
ffffffff  __TI_prof_data_size           
ffffffff  __TI_prof_data_start          
ffffffff  __binit__                     
ffffffff  __c_args__                    
ffffffff  binit                         
UNDEFED   __mpu_init                    
UNDEFED   _system_post_cinit            

[208 symbols]
